// Jest Snapshot v1, https://goo.gl/fbAQLP

exports[`Header component renders Header 1`] = `
<DocumentFragment>
  <div
    class="header"
  >
    <div
      class="backButton"
    >
      <a
        href="/"
      >
        <button
          class="homeButton"
        >
          HOME
        </button>
      </a>
      <button
        class="themeButton"
      >
        light
      </button>
    </div>
    <div
      class="text"
    >
      FLAGS OF THE WORLD
    </div>
  </div>
</DocumentFragment>
`;
