// Jest Snapshot v1, https://goo.gl/fbAQLP

exports[`App component renders App 1`] = `
<DocumentFragment>
  <div
    class="header"
  >
    <div
      class="backButton"
    >
      <a
        href="/"
      >
        <button
          class="homeButton"
        >
          HOME
        </button>
      </a>
      <button
        class="themeButton"
      >
        light
      </button>
    </div>
    <div
      class="text"
    >
      FLAGS OF THE WORLD
    </div>
  </div>
  <div
    class="frame"
  >
    <img
      alt="loading"
      src="http://static.demilked.com/wp-content/uploads/2016/06/gif-animations-replace-loading-screen-2.gif"
    />
  </div>
</DocumentFragment>
`;
